Archive member included to satisfy reference by file (symbol)

c:/ac6/systemworkbench/plugins/fr.ac6.mcu.externaltools.arm-none.win32_1.7.0.201602121829/tools/compiler/bin/../lib/gcc/arm-none-eabi/5.2.1/armv7e-m/fpu\libgcc.a(_arm_addsubdf3.o)
                              Src/main.o (__aeabi_i2d)
c:/ac6/systemworkbench/plugins/fr.ac6.mcu.externaltools.arm-none.win32_1.7.0.201602121829/tools/compiler/bin/../lib/gcc/arm-none-eabi/5.2.1/armv7e-m/fpu\libgcc.a(_arm_muldivdf3.o)
                              Src/main.o (__aeabi_ddiv)
c:/ac6/systemworkbench/plugins/fr.ac6.mcu.externaltools.arm-none.win32_1.7.0.201602121829/tools/compiler/bin/../lib/gcc/arm-none-eabi/5.2.1/../../../../arm-none-eabi/lib/armv7e-m/fpu\libc_nano.a(lib_a-exit.o)
                              c:/ac6/systemworkbench/plugins/fr.ac6.mcu.externaltools.arm-none.win32_1.7.0.201602121829/tools/compiler/bin/../lib/gcc/arm-none-eabi/5.2.1/../../../../arm-none-eabi/lib/armv7e-m/fpu/crt0.o (exit)
c:/ac6/systemworkbench/plugins/fr.ac6.mcu.externaltools.arm-none.win32_1.7.0.201602121829/tools/compiler/bin/../lib/gcc/arm-none-eabi/5.2.1/../../../../arm-none-eabi/lib/armv7e-m/fpu\libc_nano.a(lib_a-impure.o)
                              c:/ac6/systemworkbench/plugins/fr.ac6.mcu.externaltools.arm-none.win32_1.7.0.201602121829/tools/compiler/bin/../lib/gcc/arm-none-eabi/5.2.1/../../../../arm-none-eabi/lib/armv7e-m/fpu\libc_nano.a(lib_a-exit.o) (_global_impure_ptr)
c:/ac6/systemworkbench/plugins/fr.ac6.mcu.externaltools.arm-none.win32_1.7.0.201602121829/tools/compiler/bin/../lib/gcc/arm-none-eabi/5.2.1/../../../../arm-none-eabi/lib/armv7e-m/fpu\libc_nano.a(lib_a-init.o)
                              c:/ac6/systemworkbench/plugins/fr.ac6.mcu.externaltools.arm-none.win32_1.7.0.201602121829/tools/compiler/bin/../lib/gcc/arm-none-eabi/5.2.1/../../../../arm-none-eabi/lib/armv7e-m/fpu/crt0.o (__libc_init_array)
c:/ac6/systemworkbench/plugins/fr.ac6.mcu.externaltools.arm-none.win32_1.7.0.201602121829/tools/compiler/bin/../lib/gcc/arm-none-eabi/5.2.1/../../../../arm-none-eabi/lib/armv7e-m/fpu\libc_nano.a(lib_a-memset.o)
                              c:/ac6/systemworkbench/plugins/fr.ac6.mcu.externaltools.arm-none.win32_1.7.0.201602121829/tools/compiler/bin/../lib/gcc/arm-none-eabi/5.2.1/../../../../arm-none-eabi/lib/armv7e-m/fpu/crt0.o (memset)
c:/ac6/systemworkbench/plugins/fr.ac6.mcu.externaltools.arm-none.win32_1.7.0.201602121829/tools/compiler/bin/../lib/gcc/arm-none-eabi/5.2.1/../../../../arm-none-eabi/lib/armv7e-m/fpu\libnosys.a(_exit.o)
                              c:/ac6/systemworkbench/plugins/fr.ac6.mcu.externaltools.arm-none.win32_1.7.0.201602121829/tools/compiler/bin/../lib/gcc/arm-none-eabi/5.2.1/../../../../arm-none-eabi/lib/armv7e-m/fpu\libc_nano.a(lib_a-exit.o) (_exit)

Allocating common symbols
Common symbol       size              file

hspi5               0x58              Src/main.o
Gyro_Init           0x18              Src/main.o
uwTick              0x4               Drivers/STM32F4xx_HAL_Driver/Src/stm32f4xx_hal.o
Gyro_data           0x6               Src/main.o
pFlash              0x20              Drivers/STM32F4xx_HAL_Driver/Src/stm32f4xx_hal_flash.o
uart_data           0x8               Src/main.o
huart5              0x40              Src/main.o
to                  0x6               Src/main.o
flaga               0x1               Src/main.o
data                0x1               Src/main.o
htim7               0x3c              Src/main.o

Discarded input sections

 .text          0x00000000        0x0 c:/ac6/systemworkbench/plugins/fr.ac6.mcu.externaltools.arm-none.win32_1.7.0.201602121829/tools/compiler/bin/../lib/gcc/arm-none-eabi/5.2.1/armv7e-m/fpu/crti.o
 .data          0x00000000        0x0 c:/ac6/systemworkbench/plugins/fr.ac6.mcu.externaltools.arm-none.win32_1.7.0.201602121829/tools/compiler/bin/../lib/gcc/arm-none-eabi/5.2.1/armv7e-m/fpu/crti.o
 .bss           0x00000000        0x0 c:/ac6/systemworkbench/plugins/fr.ac6.mcu.externaltools.arm-none.win32_1.7.0.201602121829/tools/compiler/bin/../lib/gcc/arm-none-eabi/5.2.1/armv7e-m/fpu/crti.o
 .data          0x00000000        0x4 c:/ac6/systemworkbench/plugins/fr.ac6.mcu.externaltools.arm-none.win32_1.7.0.201602121829/tools/compiler/bin/../lib/gcc/arm-none-eabi/5.2.1/armv7e-m/fpu/crtbegin.o
 .text          0x00000000       0x74 c:/ac6/systemworkbench/plugins/fr.ac6.mcu.externaltools.arm-none.win32_1.7.0.201602121829/tools/compiler/bin/../lib/gcc/arm-none-eabi/5.2.1/../../../../arm-none-eabi/lib/armv7e-m/fpu/crt0.o
 .data          0x00000000        0x0 c:/ac6/systemworkbench/plugins/fr.ac6.mcu.externaltools.arm-none.win32_1.7.0.201602121829/tools/compiler/bin/../lib/gcc/arm-none-eabi/5.2.1/../../../../arm-none-eabi/lib/armv7e-m/fpu/crt0.o
[...]
Memory Configuration

Name             Origin             Length             Attributes
RAM              0x20000000         0x00030000         xrw
CCMRAM           0x10000000         0x00010000         rw
FLASH            0x08000000         0x00200000         xr
*default*        0x00000000         0xffffffff

Linker script and memory map

LOAD c:/ac6/systemworkbench/plugins/fr.ac6.mcu.externaltools.arm-none.win32_1.7.0.201602121829/tools/compiler/bin/../lib/gcc/arm-none-eabi/5.2.1/armv7e-m/fpu/crti.o
LOAD c:/ac6/systemworkbench/plugins/fr.ac6.mcu.externaltools.arm-none.win32_1.7.0.201602121829/tools/compiler/bin/../lib/gcc/arm-none-eabi/5.2.1/armv7e-m/fpu/crtbegin.o
LOAD c:/ac6/systemworkbench/plugins/fr.ac6.mcu.externaltools.arm-none.win32_1.7.0.201602121829/tools/compiler/bin/../lib/gcc/arm-none-eabi/5.2.1/../../../../arm-none-eabi/lib/armv7e-m/fpu/crt0.o
LOAD c:/ac6/systemworkbench/plugins/fr.ac6.mcu.externaltools.arm-none.win32_1.7.0.201602121829/tools/compiler/bin/../lib/gcc/arm-none-eabi/5.2.1/../../../../arm-none-eabi/lib/armv7e-m/fpu\libm.a
LOAD Drivers/CMSIS/Device/ST/STM32F4xx/Source/Templates/gcc/startup_stm32f429xx.o
LOAD Drivers/CMSIS/Device/ST/STM32F4xx/Source/Templates/system_stm32f4xx.o
LOAD Drivers/STM32F4xx_HAL_Driver/Src/stm32f4xx_hal.o
LOAD Drivers/STM32F4xx_HAL_Driver/Src/stm32f4xx_hal_cortex.o
LOAD Drivers/STM32F4xx_HAL_Driver/Src/stm32f4xx_hal_dma.o
LOAD Drivers/STM32F4xx_HAL_Driver/Src/stm32f4xx_hal_dma_ex.o
LOAD Drivers/STM32F4xx_HAL_Driver/Src/stm32f4xx_hal_flash.o
LOAD Drivers/STM32F4xx_HAL_Driver/Src/stm32f4xx_hal_flash_ex.o
LOAD Drivers/STM32F4xx_HAL_Driver/Src/stm32f4xx_hal_flash_ramfunc.o
LOAD Drivers/STM32F4xx_HAL_Driver/Src/stm32f4xx_hal_gpio.o
LOAD Drivers/STM32F4xx_HAL_Driver/Src/stm32f4xx_hal_pwr.o
LOAD Drivers/STM32F4xx_HAL_Driver/Src/stm32f4xx_hal_pwr_ex.o
LOAD Drivers/STM32F4xx_HAL_Driver/Src/stm32f4xx_hal_rcc.o
LOAD Drivers/STM32F4xx_HAL_Driver/Src/stm32f4xx_hal_rcc_ex.o
LOAD Drivers/STM32F4xx_HAL_Driver/Src/stm32f4xx_hal_spi.o
LOAD Drivers/STM32F4xx_HAL_Driver/Src/stm32f4xx_hal_tim.o
LOAD Drivers/STM32F4xx_HAL_Driver/Src/stm32f4xx_hal_tim_ex.o
LOAD Drivers/STM32F4xx_HAL_Driver/Src/stm32f4xx_hal_uart.o
LOAD Src/gyroscope.o
LOAD Src/main.o
LOAD Src/stm32f4xx_hal_msp.o
LOAD Src/stm32f4xx_it.o
START GROUP
LOAD c:/ac6/systemworkbench/plugins/fr.ac6.mcu.externaltools.arm-none.win32_1.7.0.201602121829/tools/compiler/bin/../lib/gcc/arm-none-eabi/5.2.1/armv7e-m/fpu\libgcc.a
LOAD c:/ac6/systemworkbench/plugins/fr.ac6.mcu.externaltools.arm-none.win32_1.7.0.201602121829/tools/compiler/bin/../lib/gcc/arm-none-eabi/5.2.1/../../../../arm-none-eabi/lib/armv7e-m/fpu\libc_nano.a
END GROUP
START GROUP
LOAD c:/ac6/systemworkbench/plugins/fr.ac6.mcu.externaltools.arm-none.win32_1.7.0.201602121829/tools/compiler/bin/../lib/gcc/arm-none-eabi/5.2.1/armv7e-m/fpu\libgcc.a
LOAD c:/ac6/systemworkbench/plugins/fr.ac6.mcu.externaltools.arm-none.win32_1.7.0.201602121829/tools/compiler/bin/../lib/gcc/arm-none-eabi/5.2.1/../../../../arm-none-eabi/lib/armv7e-m/fpu\libc_nano.a
LOAD c:/ac6/systemworkbench/plugins/fr.ac6.mcu.externaltools.arm-none.win32_1.7.0.201602121829/tools/compiler/bin/../lib/gcc/arm-none-eabi/5.2.1/../../../../arm-none-eabi/lib/armv7e-m/fpu\libnosys.a
END GROUP
START GROUP
LOAD c:/ac6/systemworkbench/plugins/fr.ac6.mcu.externaltools.arm-none.win32_1.7.0.201602121829/tools/compiler/bin/../lib/gcc/arm-none-eabi/5.2.1/armv7e-m/fpu\libgcc.a
LOAD c:/ac6/systemworkbench/plugins/fr.ac6.mcu.externaltools.arm-none.win32_1.7.0.201602121829/tools/compiler/bin/../lib/gcc/arm-none-eabi/5.2.1/../../../../arm-none-eabi/lib/armv7e-m/fpu\libc_nano.a
LOAD c:/ac6/systemworkbench/plugins/fr.ac6.mcu.externaltools.arm-none.win32_1.7.0.201602121829/tools/compiler/bin/../lib/gcc/arm-none-eabi/5.2.1/../../../../arm-none-eabi/lib/armv7e-m/fpu\libnosys.a
END GROUP
LOAD c:/ac6/systemworkbench/plugins/fr.ac6.mcu.externaltools.arm-none.win32_1.7.0.201602121829/tools/compiler/bin/../lib/gcc/arm-none-eabi/5.2.1/armv7e-m/fpu/crtend.o
LOAD c:/ac6/systemworkbench/plugins/fr.ac6.mcu.externaltools.arm-none.win32_1.7.0.201602121829/tools/compiler/bin/../lib/gcc/arm-none-eabi/5.2.1/armv7e-m/fpu/crtn.o
                0x20030000                _estack = 0x20030000
                0x00000200                _Min_Heap_Size = 0x200
                0x00000400                _Min_Stack_Size = 0x400

.isr_vector     0x08000000      0x1ac
                0x08000000                . = ALIGN (0x4)
 *(.isr_vector)
 .isr_vector    0x08000000      0x1ac Drivers/CMSIS/Device/ST/STM32F4xx/Source/Templates/gcc/startup_stm32f429xx.o
                0x08000000                g_pfnVectors
                0x080001ac                . = ALIGN (0x4)

.text           0x080001b0     0x2c10
                0x080001b0                . = ALIGN (0x4)
 *(.text)
 .text          0x080001b0       0xa4 c:/ac6/systemworkbench/plugins/fr.ac6.mcu.externaltools.arm-none.win32_1.7.0.201602121829/tools/compiler/bin/../lib/gcc/arm-none-eabi/5.2.1/armv7e-m/fpu/crtbegin.o
 .text          0x08000254      0x370 c:/ac6/systemworkbench/plugins/fr.ac6.mcu.externaltools.arm-none.win32_1.7.0.201602121829/tools/compiler/bin/../lib/gcc/arm-none-eabi/5.2.1/armv7e-m/fpu\libgcc.a(_arm_addsubdf3.o)
                0x08000254                __aeabi_drsub
                0x0800025c                __aeabi_dsub
                0x0800025c                __subdf3
                0x08000260                __aeabi_dadd
                0x08000260                __adddf3
                0x080004d8                __floatunsidf
                0x080004d8                __aeabi_ui2d
                0x080004f8                __floatsidf
                0x080004f8                __aeabi_i2d
                0x0800051c                __aeabi_f2d
                0x0800051c                __extendsfdf2
                0x08000558                __floatundidf
                0x08000558                __aeabi_ul2d
                0x08000568                __floatdidf
                0x08000568                __aeabi_l2d
 .text          0x080005c4      0x424 c:/ac6/systemworkbench/plugins/fr.ac6.mcu.externaltools.arm-none.win32_1.7.0.201602121829/tools/compiler/bin/../lib/gcc/arm-none-eabi/5.2.1/armv7e-m/fpu\libgcc.a(_arm_muldivdf3.o)
                0x080005c4                __aeabi_dmul
                0x080005c4                __muldf3
                0x08000818                __divdf3
                0x08000818                __aeabi_ddiv
 *(.text*)
 .text.Reset_Handler
                0x080009e8       0x50 Drivers/CMSIS/Device/ST/STM32F4xx/Source/Templates/gcc/startup_stm32f429xx.o
                0x080009e8                Reset_Handler
 .text.Default_Handler
                0x08000a38        0x2 Drivers/CMSIS/Device/ST/STM32F4xx/Source/Templates/gcc/startup_stm32f429xx.o
                0x08000a38                RTC_Alarm_IRQHandler
                0x08000a38                HASH_RNG_IRQHandler
                0x08000a38                TIM8_CC_IRQHandler
                0x08000a38                DebugMon_Handler
                0x08000a38                UART8_IRQHandler
                0x08000a38                SPI4_IRQHandler
                0x08000a38                TIM1_CC_IRQHandler
                0x08000a38                DMA2_Stream5_IRQHandler
                0x08000a38                HardFault_Handler
                0x08000a38                DMA1_Stream5_IRQHandler
                0x08000a38                PVD_IRQHandler
                0x08000a38                SDIO_IRQHandler
                0x08000a38                TAMP_STAMP_IRQHandler
                0x08000a38                NMI_Handler
                0x08000a38                CAN2_RX1_IRQHandler
                0x08000a38                EXTI3_IRQHandler
                0x08000a38                TIM8_TRG_COM_TIM14_IRQHandler
                0x08000a38                TIM1_UP_TIM10_IRQHandler
                0x08000a38                TIM8_UP_TIM13_IRQHandler
                0x08000a38                I2C3_ER_IRQHandler
                0x08000a38                I2C2_EV_IRQHandler
                0x08000a38                DMA1_Stream2_IRQHandler
                0x08000a38                CAN1_RX0_IRQHandler
                0x08000a38                FPU_IRQHandler
                0x08000a38                OTG_HS_WKUP_IRQHandler
                0x08000a38                UsageFault_Handler
                0x08000a38                LTDC_ER_IRQHandler
                0x08000a38                CAN2_SCE_IRQHandler
                0x08000a38                DMA2_Stream2_IRQHandler
                0x08000a38                SPI1_IRQHandler
                0x08000a38                TIM6_DAC_IRQHandler
                0x08000a38                TIM1_BRK_TIM9_IRQHandler
                0x08000a38                DCMI_IRQHandler
                0x08000a38                CAN2_RX0_IRQHandler
                0x08000a38                DMA2_Stream3_IRQHandler
                0x08000a38                USART6_IRQHandler
                0x08000a38                USART3_IRQHandler
                0x08000a38                CAN1_RX1_IRQHandler
                0x08000a38                DMA2_Stream0_IRQHandler
                0x08000a38                TIM4_IRQHandler
                0x08000a38                I2C1_EV_IRQHandler
                0x08000a38                DMA1_Stream6_IRQHandler
                0x08000a38                DMA1_Stream1_IRQHandler
                0x08000a38                UART4_IRQHandler
                0x08000a38                TIM3_IRQHandler
                0x08000a38                RCC_IRQHandler
                0x08000a38                TIM8_BRK_TIM12_IRQHandler
                0x08000a38                Default_Handler
                0x08000a38                EXTI15_10_IRQHandler
                0x08000a38                ADC_IRQHandler
                0x08000a38                DMA1_Stream7_IRQHandler
                0x08000a38                SPI5_IRQHandler
                0x08000a38                TIM7_IRQHandler
                0x08000a38                CAN2_TX_IRQHandler
                0x08000a38                TIM5_IRQHandler
                0x08000a38                DMA2_Stream7_IRQHandler
                0x08000a38                I2C3_EV_IRQHandler
                0x08000a38                EXTI9_5_IRQHandler
                0x08000a38                RTC_WKUP_IRQHandler
                0x08000a38                LTDC_IRQHandler
                0x08000a38                ETH_WKUP_IRQHandler
                0x08000a38                SPI2_IRQHandler
                0x08000a38                OTG_HS_EP1_IN_IRQHandler
                0x08000a38                MemManage_Handler
                0x08000a38                DMA1_Stream0_IRQHandler
                0x08000a38                CAN1_TX_IRQHandler
                0x08000a38                EXTI4_IRQHandler
                0x08000a38                ETH_IRQHandler
                0x08000a38                OTG_HS_EP1_OUT_IRQHandler
                0x08000a38                WWDG_IRQHandler
                0x08000a38                SPI6_IRQHandler
                0x08000a38                TIM2_IRQHandler
                0x08000a38                OTG_FS_WKUP_IRQHandler
                0x08000a38                TIM1_TRG_COM_TIM11_IRQHandler
                0x08000a38                OTG_HS_IRQHandler
                0x08000a38                DMA2D_IRQHandler
                0x08000a38                EXTI1_IRQHandler
                0x08000a38                UART7_IRQHandler
                0x08000a38                USART2_IRQHandler
                0x08000a38                I2C2_ER_IRQHandler
                0x08000a38                DMA2_Stream1_IRQHandler
                0x08000a38                CAN1_SCE_IRQHandler
                0x08000a38                FLASH_IRQHandler
                0x08000a38                DMA2_Stream4_IRQHandler
                0x08000a38                BusFault_Handler
                0x08000a38                USART1_IRQHandler
                0x08000a38                OTG_FS_IRQHandler
                0x08000a38                SPI3_IRQHandler
                0x08000a38                DMA1_Stream4_IRQHandler
                0x08000a38                I2C1_ER_IRQHandler
                0x08000a38                FMC_IRQHandler
                0x08000a38                DMA2_Stream6_IRQHandler
                0x08000a38                SAI1_IRQHandler
                0x08000a38                DMA1_Stream3_IRQHandler
 *fill*         0x08000a3a        0x2 
 .text.SystemInit
                0x08000a3c       0x4c Drivers/CMSIS/Device/ST/STM32F4xx/Source/Templates/system_stm32f4xx.o
                0x08000a3c                SystemInit
 .text.HAL_InitTick
                0x08000a88       0x28 Drivers/STM32F4xx_HAL_Driver/Src/stm32f4xx_hal.o
                0x08000a88                HAL_InitTick
 .text.HAL_Init
                0x08000ab0       0x34 Drivers/STM32F4xx_HAL_Driver/Src/stm32f4xx_hal.o
                0x08000ab0                HAL_Init
 .text.HAL_IncTick
                0x08000ae4       0x10 Drivers/STM32F4xx_HAL_Driver/Src/stm32f4xx_hal.o
                0x08000ae4                HAL_IncTick
 .text.HAL_GetTick
                0x08000af4        0xc Drivers/STM32F4xx_HAL_Driver/Src/stm32f4xx_hal.o
                0x08000af4                HAL_GetTick
 .text.HAL_NVIC_SetPriorityGrouping
                0x08000b00       0x24 Drivers/STM32F4xx_HAL_Driver/Src/stm32f4xx_hal_cortex.o
                0x08000b00                HAL_NVIC_SetPriorityGrouping
 .text.HAL_NVIC_SetPriority
                0x08000b24       0x68 Drivers/STM32F4xx_HAL_Driver/Src/stm32f4xx_hal_cortex.o
                0x08000b24                HAL_NVIC_SetPriority
 .text.HAL_NVIC_EnableIRQ
                0x08000b8c       0x18 Drivers/STM32F4xx_HAL_Driver/Src/stm32f4xx_hal_cortex.o
                0x08000b8c                HAL_NVIC_EnableIRQ
 .text.HAL_SYSTICK_Config
                0x08000ba4       0x2c Drivers/STM32F4xx_HAL_Driver/Src/stm32f4xx_hal_cortex.o
                0x08000ba4                HAL_SYSTICK_Config
 .text.HAL_SYSTICK_CLKSourceConfig
                0x08000bd0       0x18 Drivers/STM32F4xx_HAL_Driver/Src/stm32f4xx_hal_cortex.o
                0x08000bd0                HAL_SYSTICK_CLKSourceConfig
 .text.HAL_SYSTICK_Callback
                0x08000be8        0x2 Drivers/STM32F4xx_HAL_Driver/Src/stm32f4xx_hal_cortex.o
                0x08000be8                HAL_SYSTICK_Callback
 .text.HAL_SYSTICK_IRQHandler
                0x08000bea        0x8 Drivers/STM32F4xx_HAL_Driver/Src/stm32f4xx_hal_cortex.o
                0x08000bea                HAL_SYSTICK_IRQHandler
 .text.HAL_DMA_Abort_IT
                0x08000bf2       0x24 Drivers/STM32F4xx_HAL_Driver/Src/stm32f4xx_hal_dma.o
                0x08000bf2                HAL_DMA_Abort_IT
 *fill*         0x08000c16        0x2 
 .text.HAL_GPIO_Init
                0x08000c18      0x1d8 Drivers/STM32F4xx_HAL_Driver/Src/stm32f4xx_hal_gpio.o
                0x08000c18                HAL_GPIO_Init
 .text.HAL_GPIO_WritePin
                0x08000df0        0x8 Drivers/STM32F4xx_HAL_Driver/Src/stm32f4xx_hal_gpio.o
                0x08000df0                HAL_GPIO_WritePin
 .text.HAL_GPIO_EXTI_IRQHandler
                0x08000df8       0x18 Drivers/STM32F4xx_HAL_Driver/Src/stm32f4xx_hal_gpio.o
                0x08000df8                HAL_GPIO_EXTI_IRQHandler
 .text.HAL_PWREx_EnableOverDrive
                0x08000e10       0x98 Drivers/STM32F4xx_HAL_Driver/Src/stm32f4xx_hal_pwr_ex.o
                0x08000e10                HAL_PWREx_EnableOverDrive
 .text.HAL_RCC_OscConfig
                0x08000ea8      0x2d0 Drivers/STM32F4xx_HAL_Driver/Src/stm32f4xx_hal_rcc.o
                0x08000ea8                HAL_RCC_OscConfig
 .text.HAL_RCC_GetSysClockFreq
                0x08001178       0x7c Drivers/STM32F4xx_HAL_Driver/Src/stm32f4xx_hal_rcc.o
                0x08001178                HAL_RCC_GetSysClockFreq
 .text.HAL_RCC_ClockConfig
                0x080011f4      0x168 Drivers/STM32F4xx_HAL_Driver/Src/stm32f4xx_hal_rcc.o
                0x080011f4                HAL_RCC_ClockConfig
 .text.HAL_RCC_GetHCLKFreq
                0x0800135c        0xc Drivers/STM32F4xx_HAL_Driver/Src/stm32f4xx_hal_rcc.o
                0x0800135c                HAL_RCC_GetHCLKFreq
 .text.HAL_RCC_GetPCLK1Freq
                0x08001368       0x30 Drivers/STM32F4xx_HAL_Driver/Src/stm32f4xx_hal_rcc.o
                0x08001368                HAL_RCC_GetPCLK1Freq
 .text.HAL_RCC_GetPCLK2Freq
                0x08001398       0x30 Drivers/STM32F4xx_HAL_Driver/Src/stm32f4xx_hal_rcc.o
                0x08001398                HAL_RCC_GetPCLK2Freq
 .text.SPI_WaitFlagStateUntilTimeout
                0x080013c8       0x8e Drivers/STM32F4xx_HAL_Driver/Src/stm32f4xx_hal_spi.o
 .text.SPI_CheckFlag_BSY
                0x08001456       0x20 Drivers/STM32F4xx_HAL_Driver/Src/stm32f4xx_hal_spi.o
 .text.HAL_SPI_Init
                0x08001476       0x7a Drivers/STM32F4xx_HAL_Driver/Src/stm32f4xx_hal_spi.o
                0x08001476                HAL_SPI_Init
 .text.HAL_SPI_Transmit
                0x080014f0      0x15a Drivers/STM32F4xx_HAL_Driver/Src/stm32f4xx_hal_spi.o
                0x080014f0                HAL_SPI_Transmit
 .text.HAL_SPI_TransmitReceive
                0x0800164a      0x214 Drivers/STM32F4xx_HAL_Driver/Src/stm32f4xx_hal_spi.o
                0x0800164a                HAL_SPI_TransmitReceive
 .text.HAL_SPI_Receive
                0x0800185e      0x140 Drivers/STM32F4xx_HAL_Driver/Src/stm32f4xx_hal_spi.o
                0x0800185e                HAL_SPI_Receive
 .text.HAL_TIM_Base_Start
                0x0800199e       0x1a Drivers/STM32F4xx_HAL_Driver/Src/stm32f4xx_hal_tim.o
                0x0800199e                HAL_TIM_Base_Start
 .text.TIM_Base_SetConfig
                0x080019b8       0xc8 Drivers/STM32F4xx_HAL_Driver/Src/stm32f4xx_hal_tim.o
                0x080019b8                TIM_Base_SetConfig
 .text.HAL_TIM_Base_Init
                0x08001a80       0x34 Drivers/STM32F4xx_HAL_Driver/Src/stm32f4xx_hal_tim.o
                0x08001a80                HAL_TIM_Base_Init
 .text.HAL_TIMEx_MasterConfigSynchronization
                0x08001ab4       0x44 Drivers/STM32F4xx_HAL_Driver/Src/stm32f4xx_hal_tim_ex.o
                0x08001ab4                HAL_TIMEx_MasterConfigSynchronization
 .text.UART_EndRxTransfer
                0x08001af8       0x1a Drivers/STM32F4xx_HAL_Driver/Src/stm32f4xx_hal_uart.o
 *fill*         0x08001b12        0x2 
 .text.UART_SetConfig
                0x08001b14      0x23c Drivers/STM32F4xx_HAL_Driver/Src/stm32f4xx_hal_uart.o
 .text.UART_WaitOnFlagUntilTimeout.constprop.3
                0x08001d50       0x50 Drivers/STM32F4xx_HAL_Driver/Src/stm32f4xx_hal_uart.o
 .text.HAL_UART_Init
                0x08001da0       0x5c Drivers/STM32F4xx_HAL_Driver/Src/stm32f4xx_hal_uart.o
                0x08001da0                HAL_UART_Init
 .text.HAL_UART_Transmit
                0x08001dfc       0xb6 Drivers/STM32F4xx_HAL_Driver/Src/stm32f4xx_hal_uart.o
                0x08001dfc                HAL_UART_Transmit
 .text.HAL_UART_Receive_IT
                0x08001eb2       0x46 Drivers/STM32F4xx_HAL_Driver/Src/stm32f4xx_hal_uart.o
                0x08001eb2                HAL_UART_Receive_IT
 .text.HAL_UART_TxCpltCallback
                0x08001ef8        0x2 Drivers/STM32F4xx_HAL_Driver/Src/stm32f4xx_hal_uart.o
                0x08001ef8                HAL_UART_TxCpltCallback
 .text.UART_Receive_IT
                0x08001efa       0x78 Drivers/STM32F4xx_HAL_Driver/Src/stm32f4xx_hal_uart.o
 .text.HAL_UART_ErrorCallback
                0x08001f72        0x2 Drivers/STM32F4xx_HAL_Driver/Src/stm32f4xx_hal_uart.o
                0x08001f72                HAL_UART_ErrorCallback
 .text.HAL_UART_IRQHandler
                0x08001f74      0x140 Drivers/STM32F4xx_HAL_Driver/Src/stm32f4xx_hal_uart.o
                0x08001f74                HAL_UART_IRQHandler
 .text.UART_DMAAbortOnError
                0x080020b4       0x10 Drivers/STM32F4xx_HAL_Driver/Src/stm32f4xx_hal_uart.o
 .text.L3GD20_Read
                0x080020c4       0x96 Src/gyroscope.o
                0x080020c4                L3GD20_Read
 .text.L3GD20_Read_Axes
                0x0800215a        0xc Src/gyroscope.o
                0x0800215a                L3GD20_Read_Axes
 .text.L3GD20_Write
                0x08002166       0x8c Src/gyroscope.o
                0x08002166                L3GD20_Write
 .text.L3GD20_Init
                0x080021f2      0x122 Src/gyroscope.o
                0x080021f2                L3GD20_Init
 .text.SystemClock_Config
                0x08002314       0xb0 Src/main.o
                0x08002314                SystemClock_Config
 .text.MAIN_GYRO_INIT
                0x080023c4       0xb0 Src/main.o
                0x080023c4                MAIN_GYRO_INIT
 .text.startup.main
                0x08002474      0x5d8 Src/main.o
                0x08002474                main
 *fill*         0x08002a4c        0x4 
 .text.HAL_GPIO_EXTI_Callback
                0x08002a50       0x94 Src/main.o
                0x08002a50                HAL_GPIO_EXTI_Callback
 .text.HAL_UART_RxCpltCallback
                0x08002ae4       0xe8 Src/main.o
                0x08002ae4                HAL_UART_RxCpltCallback
 .text.HAL_MspInit
                0x08002bcc       0x60 Src/stm32f4xx_hal_msp.o
                0x08002bcc                HAL_MspInit
 .text.HAL_SPI_MspInit
                0x08002c2c       0x50 Src/stm32f4xx_hal_msp.o
                0x08002c2c                HAL_SPI_MspInit
 .text.HAL_TIM_Base_MspInit
                0x08002c7c       0x30 Src/stm32f4xx_hal_msp.o
                0x08002c7c                HAL_TIM_Base_MspInit
 .text.HAL_UART_MspInit
                0x08002cac       0x84 Src/stm32f4xx_hal_msp.o
                0x08002cac                HAL_UART_MspInit
 .text.SVC_Handler
                0x08002d30        0x2 Src/stm32f4xx_it.o
                0x08002d30                SVC_Handler
 .text.PendSV_Handler
                0x08002d32        0x2 Src/stm32f4xx_it.o
                0x08002d32                PendSV_Handler
 .text.SysTick_Handler
                0x08002d34        0xe Src/stm32f4xx_it.o
                0x08002d34                SysTick_Handler
 .text.EXTI0_IRQHandler
                0x08002d42        0x6 Src/stm32f4xx_it.o
                0x08002d42                EXTI0_IRQHandler
 .text.EXTI2_IRQHandler
                0x08002d48        0x6 Src/stm32f4xx_it.o
                0x08002d48                EXTI2_IRQHandler
 *fill*         0x08002d4e        0x2 
 .text.UART5_IRQHandler
                0x08002d50        0xc Src/stm32f4xx_it.o
                0x08002d50                UART5_IRQHandler
 .text.__libc_init_array
                0x08002d5c       0x4c c:/ac6/systemworkbench/plugins/fr.ac6.mcu.externaltools.arm-none.win32_1.7.0.201602121829/tools/compiler/bin/../lib/gcc/arm-none-eabi/5.2.1/../../../../arm-none-eabi/lib/armv7e-m/fpu\libc_nano.a(lib_a-init.o)
                0x08002d5c                __libc_init_array
 *(.glue_7)
 .glue_7        0x08002da8        0x0 linker stubs
 *(.glue_7t)
 .glue_7t       0x08002da8        0x0 linker stubs
 *(.eh_frame)
 .eh_frame      0x08002da8        0x0 c:/ac6/systemworkbench/plugins/fr.ac6.mcu.externaltools.arm-none.win32_1.7.0.201602121829/tools/compiler/bin/../lib/gcc/arm-none-eabi/5.2.1/armv7e-m/fpu/crtbegin.o
 *(.init)
 .init          0x08002da8        0x4 c:/ac6/systemworkbench/plugins/fr.ac6.mcu.externaltools.arm-none.win32_1.7.0.201602121829/tools/compiler/bin/../lib/gcc/arm-none-eabi/5.2.1/armv7e-m/fpu/crti.o
                0x08002da8                _init
 .init          0x08002dac        0x8 c:/ac6/systemworkbench/plugins/fr.ac6.mcu.externaltools.arm-none.win32_1.7.0.201602121829/tools/compiler/bin/../lib/gcc/arm-none-eabi/5.2.1/armv7e-m/fpu/crtn.o
 *(.fini)
 .fini          0x08002db4        0x4 c:/ac6/systemworkbench/plugins/fr.ac6.mcu.externaltools.arm-none.win32_1.7.0.201602121829/tools/compiler/bin/../lib/gcc/arm-none-eabi/5.2.1/armv7e-m/fpu/crti.o
                0x08002db4                _fini
 .fini          0x08002db8        0x8 c:/ac6/systemworkbench/plugins/fr.ac6.mcu.externaltools.arm-none.win32_1.7.0.201602121829/tools/compiler/bin/../lib/gcc/arm-none-eabi/5.2.1/armv7e-m/fpu/crtn.o
                0x08002dc0                . = ALIGN (0x4)
                0x08002dc0                _etext = .

.vfp11_veneer   0x08002dc0        0x0
 .vfp11_veneer  0x08002dc0        0x0 linker stubs

.v4_bx          0x08002dc0        0x0
 .v4_bx         0x08002dc0        0x0 linker stubs

.iplt           0x08002dc0        0x0
 .iplt          0x08002dc0        0x0 c:/ac6/systemworkbench/plugins/fr.ac6.mcu.externaltools.arm-none.win32_1.7.0.201602121829/tools/compiler/bin/../lib/gcc/arm-none-eabi/5.2.1/armv7e-m/fpu/crtbegin.o

.rodata         0x08002dc0       0x10
                0x08002dc0                . = ALIGN (0x4)
 *(.rodata)
 .rodata        0x08002dc0       0x10 Drivers/STM32F4xx_HAL_Driver/Src/stm32f4xx_hal_rcc.o
                0x08002dc0                APBAHBPrescTable
 *(.rodata*)
                0x08002dd0                . = ALIGN (0x4)

.rel.dyn        0x08002dd0        0x0
 .rel.iplt      0x08002dd0        0x0 c:/ac6/systemworkbench/plugins/fr.ac6.mcu.externaltools.arm-none.win32_1.7.0.201602121829/tools/compiler/bin/../lib/gcc/arm-none-eabi/5.2.1/armv7e-m/fpu/crtbegin.o

.ARM.extab
 *(.ARM.extab* .gnu.linkonce.armextab.*)

.ARM            0x08002dd0        0x0
                0x08002dd0                __exidx_start = .
 *(.ARM.exidx*)
                0x08002dd0                __exidx_end = .

.preinit_array  0x08002dd0        0x0
                0x08002dd0                PROVIDE (__preinit_array_start, .)
 *(.preinit_array*)
                0x08002dd0                PROVIDE (__preinit_array_end, .)

.init_array     0x08002dd0        0x4
                0x08002dd0                PROVIDE (__init_array_start, .)
 *(SORT(.init_array.*))
 *(.init_array*)
 .init_array    0x08002dd0        0x4 c:/ac6/systemworkbench/plugins/fr.ac6.mcu.externaltools.arm-none.win32_1.7.0.201602121829/tools/compiler/bin/../lib/gcc/arm-none-eabi/5.2.1/armv7e-m/fpu/crtbegin.o
                0x08002dd4                PROVIDE (__init_array_end, .)

.fini_array     0x08002dd4        0x4
                [!provide]                PROVIDE (__fini_array_start, .)
 *(SORT(.fini_array.*))
 *(.fini_array*)
 .fini_array    0x08002dd4        0x4 c:/ac6/systemworkbench/plugins/fr.ac6.mcu.externaltools.arm-none.win32_1.7.0.201602121829/tools/compiler/bin/../lib/gcc/arm-none-eabi/5.2.1/armv7e-m/fpu/crtbegin.o
                [!provide]                PROVIDE (__fini_array_end, .)
                0x08002dd8                _sidata = LOADADDR (.data)

.data           0x20000000        0x4 load address 0x08002dd8
                0x20000000                . = ALIGN (0x4)
                0x20000000                _sdata = .
 *(.data)
 .data          0x20000000        0x4 Drivers/CMSIS/Device/ST/STM32F4xx/Source/Templates/system_stm32f4xx.o
                0x20000000                SystemCoreClock
 *(.data*)
                0x20000004                . = ALIGN (0x4)
                0x20000004                _edata = .
                0x08002ddc                _siccmram = LOADADDR (.ccmram)

.jcr            0x20000004        0x0 load address 0x08002ddc
 .jcr           0x20000004        0x0 c:/ac6/systemworkbench/plugins/fr.ac6.mcu.externaltools.arm-none.win32_1.7.0.201602121829/tools/compiler/bin/../lib/gcc/arm-none-eabi/5.2.1/armv7e-m/fpu/crtbegin.o

.tm_clone_table
                0x20000004        0x0 load address 0x08002ddc
 .tm_clone_table
                0x20000004        0x0 c:/ac6/systemworkbench/plugins/fr.ac6.mcu.externaltools.arm-none.win32_1.7.0.201602121829/tools/compiler/bin/../lib/gcc/arm-none-eabi/5.2.1/armv7e-m/fpu/crtbegin.o
 .tm_clone_table
                0x20000004        0x0 c:/ac6/systemworkbench/plugins/fr.ac6.mcu.externaltools.arm-none.win32_1.7.0.201602121829/tools/compiler/bin/../lib/gcc/arm-none-eabi/5.2.1/armv7e-m/fpu/crtend.o

.igot.plt       0x20000004        0x0 load address 0x08002ddc
 .igot.plt      0x20000004        0x0 c:/ac6/systemworkbench/plugins/fr.ac6.mcu.externaltools.arm-none.win32_1.7.0.201602121829/tools/compiler/bin/../lib/gcc/arm-none-eabi/5.2.1/armv7e-m/fpu/crtbegin.o

.ccmram         0x10000000        0x0 load address 0x08002ddc
                0x10000000                . = ALIGN (0x4)
                0x10000000                _sccmram = .
 *(.ccmram)
 *(.ccmram*)
                0x10000000                . = ALIGN (0x4)
                0x10000000                _eccmram = .
                0x10000000                . = ALIGN (0x4)

.bss            0x20000008      0x138
                0x20000008                _sbss = .
                0x20000008                __bss_start__ = _sbss
 *(.bss)
 .bss           0x20000008       0x1c c:/ac6/systemworkbench/plugins/fr.ac6.mcu.externaltools.arm-none.win32_1.7.0.201602121829/tools/compiler/bin/../lib/gcc/arm-none-eabi/5.2.1/armv7e-m/fpu/crtbegin.o
 *fill*         0x20000024        0x4 
 .bss           0x20000028       0x10 Src/main.o
                0x20000028                conf
                0x2000002c                time
                0x20000030                freq
 *(.bss*)
 *(COMMON)
 COMMON         0x20000038        0x4 Drivers/STM32F4xx_HAL_Driver/Src/stm32f4xx_hal.o
                0x20000038                uwTick
 COMMON         0x2000003c      0x104 Src/main.o
                0x2000003c                hspi5
                0x20000094                Gyro_Init
                0x200000ac                Gyro_data
                0x200000b2                uart_data
                0x200000bc                huart5
                0x200000fc                to
                0x20000102                flaga
                0x20000103                data
                0x20000104                htim7
                0x20000140                . = ALIGN (0x4)
                0x20000140                _ebss = .
                0x20000140                __bss_end__ = _ebss

._user_heap_stack
                0x20000140      0x600
                0x20000140                . = ALIGN (0x8)
                [!provide]                PROVIDE (end, .)
                [!provide]                PROVIDE (_end, .)
                0x20000340                . = (. + _Min_Heap_Size)
 *fill*         0x20000140      0x200 
                0x20000740                . = (. + _Min_Stack_Size)
 *fill*         0x20000340      0x400 
                0x20000740                . = ALIGN (0x8)

/DISCARD/
 libc.a(*)
 libm.a(*)
 libgcc.a(*)

.ARM.attributes
                0x00000000       0x30
 *(.ARM.attributes)
 .ARM.attributes
                0x00000000       0x22 c:/ac6/systemworkbench/plugins/fr.ac6.mcu.externaltools.arm-none.win32_1.7.0.201602121829/tools/compiler/bin/../lib/gcc/arm-none-eabi/5.2.1/armv7e-m/fpu/crti.o
 .ARM.attributes
                0x00000022       0x34 c:/ac6/systemworkbench/plugins/fr.ac6.mcu.externaltools.arm-none.win32_1.7.0.201602121829/tools/compiler/bin/../lib/gcc/arm-none-eabi/5.2.1/armv7e-m/fpu/crtbegin.o
 .ARM.attributes
                0x00000056       0x21 Drivers/CMSIS/Device/ST/STM32F4xx/Source/Templates/gcc/startup_stm32f429xx.o
 .ARM.attributes
                0x00000077       0x39 Drivers/CMSIS/Device/ST/STM32F4xx/Source/Templates/system_stm32f4xx.o
 .ARM.attributes
                0x000000b0       0x39 Drivers/STM32F4xx_HAL_Driver/Src/stm32f4xx_hal.o
 .ARM.attributes
                0x000000e9       0x39 Drivers/STM32F4xx_HAL_Driver/Src/stm32f4xx_hal_cortex.o
 .ARM.attributes
                0x00000122       0x39 Drivers/STM32F4xx_HAL_Driver/Src/stm32f4xx_hal_dma.o
 .ARM.attributes
                0x0000015b       0x39 Drivers/STM32F4xx_HAL_Driver/Src/stm32f4xx_hal_gpio.o
 .ARM.attributes
                0x00000194       0x39 Drivers/STM32F4xx_HAL_Driver/Src/stm32f4xx_hal_pwr_ex.o
 .ARM.attributes
                0x000001cd       0x39 Drivers/STM32F4xx_HAL_Driver/Src/stm32f4xx_hal_rcc.o
 .ARM.attributes
                0x00000206       0x39 Drivers/STM32F4xx_HAL_Driver/Src/stm32f4xx_hal_spi.o
 .ARM.attributes
                0x0000023f       0x39 Drivers/STM32F4xx_HAL_Driver/Src/stm32f4xx_hal_tim.o
 .ARM.attributes
                0x00000278       0x39 Drivers/STM32F4xx_HAL_Driver/Src/stm32f4xx_hal_tim_ex.o
 .ARM.attributes
                0x000002b1       0x39 Drivers/STM32F4xx_HAL_Driver/Src/stm32f4xx_hal_uart.o
 .ARM.attributes
                0x000002ea       0x39 Src/gyroscope.o
 .ARM.attributes
                0x00000323       0x39 Src/main.o
 .ARM.attributes
                0x0000035c       0x39 Src/stm32f4xx_hal_msp.o
 .ARM.attributes
                0x00000395       0x39 Src/stm32f4xx_it.o
 .ARM.attributes
                0x000003ce       0x22 c:/ac6/systemworkbench/plugins/fr.ac6.mcu.externaltools.arm-none.win32_1.7.0.201602121829/tools/compiler/bin/../lib/gcc/arm-none-eabi/5.2.1/armv7e-m/fpu\libgcc.a(_arm_addsubdf3.o)
 .ARM.attributes
                0x000003f0       0x22 c:/ac6/systemworkbench/plugins/fr.ac6.mcu.externaltools.arm-none.win32_1.7.0.201602121829/tools/compiler/bin/../lib/gcc/arm-none-eabi/5.2.1/armv7e-m/fpu\libgcc.a(_arm_muldivdf3.o)
 .ARM.attributes
                0x00000412       0x34 c:/ac6/systemworkbench/plugins/fr.ac6.mcu.externaltools.arm-none.win32_1.7.0.201602121829/tools/compiler/bin/../lib/gcc/arm-none-eabi/5.2.1/../../../../arm-none-eabi/lib/armv7e-m/fpu\libc_nano.a(lib_a-init.o)
 .ARM.attributes
                0x00000446       0x34 c:/ac6/systemworkbench/plugins/fr.ac6.mcu.externaltools.arm-none.win32_1.7.0.201602121829/tools/compiler/bin/../lib/gcc/arm-none-eabi/5.2.1/armv7e-m/fpu/crtend.o
 .ARM.attributes
                0x0000047a       0x22 c:/ac6/systemworkbench/plugins/fr.ac6.mcu.externaltools.arm-none.win32_1.7.0.201602121829/tools/compiler/bin/../lib/gcc/arm-none-eabi/5.2.1/armv7e-m/fpu/crtn.o
OUTPUT(gyro.elf elf32-littlearm)

.debug_line     0x00000000     0xa650
 .debug_line    0x00000000       0xae Drivers/CMSIS/Device/ST/STM32F4xx/Source/Templates/gcc/startup_stm32f429xx.o
 .debug_line    0x000000ae      0x7f4 Drivers/CMSIS/Device/ST/STM32F4xx/Source/Templates/system_stm32f4xx.o
 .debug_line    0x000008a2      0x958 Drivers/STM32F4xx_HAL_Driver/Src/stm32f4xx_hal.o
 .debug_line    0x000011fa      0x998 Drivers/STM32F4xx_HAL_Driver/Src/stm32f4xx_hal_cortex.o
 .debug_line    0x00001b92      0xab1 Drivers/STM32F4xx_HAL_Driver/Src/stm32f4xx_hal_dma.o
 .debug_line    0x00002643      0x980 Drivers/STM32F4xx_HAL_Driver/Src/stm32f4xx_hal_gpio.o
 .debug_line    0x00002fc3      0x90c Drivers/STM32F4xx_HAL_Driver/Src/stm32f4xx_hal_pwr_ex.o
 .debug_line    0x000038cf      0xaa5 Drivers/STM32F4xx_HAL_Driver/Src/stm32f4xx_hal_rcc.o
 .debug_line    0x00004374      0xf5e Drivers/STM32F4xx_HAL_Driver/Src/stm32f4xx_hal_spi.o
 .debug_line    0x000052d2     0x15f7 Drivers/STM32F4xx_HAL_Driver/Src/stm32f4xx_hal_tim.o
 .debug_line    0x000068c9      0xb90 Drivers/STM32F4xx_HAL_Driver/Src/stm32f4xx_hal_tim_ex.o
 .debug_line    0x00007459      0xf19 Drivers/STM32F4xx_HAL_Driver/Src/stm32f4xx_hal_uart.o
 .debug_line    0x00008372      0x873 Src/gyroscope.o
 .debug_line    0x00008be5      0xa33 Src/main.o
 .debug_line    0x00009618      0x851 Src/stm32f4xx_hal_msp.o
 .debug_line    0x00009e69      0x7e7 Src/stm32f4xx_it.o

.debug_info     0x00000000     0xf0b6
 .debug_info    0x00000000       0xa7 Drivers/CMSIS/Device/ST/STM32F4xx/Source/Templates/gcc/startup_stm32f429xx.o
 .debug_info    0x000000a7      0x4ca Drivers/CMSIS/Device/ST/STM32F4xx/Source/Templates/system_stm32f4xx.o
 .debug_info    0x00000571      0x9b0 Drivers/STM32F4xx_HAL_Driver/Src/stm32f4xx_hal.o
 .debug_info    0x00000f21      0xea0 Drivers/STM32F4xx_HAL_Driver/Src/stm32f4xx_hal_cortex.o
 .debug_info    0x00001dc1      0xa27 Drivers/STM32F4xx_HAL_Driver/Src/stm32f4xx_hal_dma.o
 .debug_info    0x000027e8      0x73b Drivers/STM32F4xx_HAL_Driver/Src/stm32f4xx_hal_gpio.o
 .debug_info    0x00002f23      0x931 Drivers/STM32F4xx_HAL_Driver/Src/stm32f4xx_hal_pwr_ex.o
 .debug_info    0x00003854      0xc9c Drivers/STM32F4xx_HAL_Driver/Src/stm32f4xx_hal_rcc.o
 .debug_info    0x000044f0     0x183c Drivers/STM32F4xx_HAL_Driver/Src/stm32f4xx_hal_spi.o
 .debug_info    0x00005d2c     0x2eaa Drivers/STM32F4xx_HAL_Driver/Src/stm32f4xx_hal_tim.o
 .debug_info    0x00008bd6      0xf6f Drivers/STM32F4xx_HAL_Driver/Src/stm32f4xx_hal_tim_ex.o
 .debug_info    0x00009b45     0x1290 Drivers/STM32F4xx_HAL_Driver/Src/stm32f4xx_hal_uart.o
 .debug_info    0x0000add5      0xcb9 Src/gyroscope.o
 .debug_info    0x0000ba8e     0x1dba Src/main.o
 .debug_info    0x0000d848     0x125c Src/stm32f4xx_hal_msp.o
 .debug_info    0x0000eaa4      0x612 Src/stm32f4xx_it.o

.debug_abbrev   0x00000000     0x2491
 .debug_abbrev  0x00000000       0x12 Drivers/CMSIS/Device/ST/STM32F4xx/Source/Templates/gcc/startup_stm32f429xx.o
 .debug_abbrev  0x00000012      0x104 Drivers/CMSIS/Device/ST/STM32F4xx/Source/Templates/system_stm32f4xx.o
 .debug_abbrev  0x00000116      0x247 Drivers/STM32F4xx_HAL_Driver/Src/stm32f4xx_hal.o
 .debug_abbrev  0x0000035d      0x332 Drivers/STM32F4xx_HAL_Driver/Src/stm32f4xx_hal_cortex.o
 .debug_abbrev  0x0000068f      0x2e0 Drivers/STM32F4xx_HAL_Driver/Src/stm32f4xx_hal_dma.o
 .debug_abbrev  0x0000096f      0x1cb Drivers/STM32F4xx_HAL_Driver/Src/stm32f4xx_hal_gpio.o
 .debug_abbrev  0x00000b3a      0x231 Drivers/STM32F4xx_HAL_Driver/Src/stm32f4xx_hal_pwr_ex.o
 .debug_abbrev  0x00000d6b      0x321 Drivers/STM32F4xx_HAL_Driver/Src/stm32f4xx_hal_rcc.o
 .debug_abbrev  0x0000108c      0x33a Drivers/STM32F4xx_HAL_Driver/Src/stm32f4xx_hal_spi.o
 .debug_abbrev  0x000013c6      0x314 Drivers/STM32F4xx_HAL_Driver/Src/stm32f4xx_hal_tim.o
 .debug_abbrev  0x000016da      0x273 Drivers/STM32F4xx_HAL_Driver/Src/stm32f4xx_hal_tim_ex.o
 .debug_abbrev  0x0000194d      0x2ef Drivers/STM32F4xx_HAL_Driver/Src/stm32f4xx_hal_uart.o
 .debug_abbrev  0x00001c3c      0x1d4 Src/gyroscope.o
 .debug_abbrev  0x00001e10      0x320 Src/main.o
 .debug_abbrev  0x00002130      0x1d3 Src/stm32f4xx_hal_msp.o
 .debug_abbrev  0x00002303      0x18e Src/stm32f4xx_it.o

.debug_aranges  0x00000000      0xa30
 .debug_aranges
                0x00000000       0x28 Drivers/CMSIS/Device/ST/STM32F4xx/Source/Templates/gcc/startup_stm32f429xx.o
 .debug_aranges
                0x00000028       0x28 Drivers/CMSIS/Device/ST/STM32F4xx/Source/Templates/system_stm32f4xx.o
 .debug_aranges
                0x00000050       0xc8 Drivers/STM32F4xx_HAL_Driver/Src/stm32f4xx_hal.o
 .debug_aranges
                0x00000118       0x98 Drivers/STM32F4xx_HAL_Driver/Src/stm32f4xx_hal_cortex.o
 .debug_aranges
                0x000001b0       0x80 Drivers/STM32F4xx_HAL_Driver/Src/stm32f4xx_hal_dma.o
 .debug_aranges
                0x00000230       0x58 Drivers/STM32F4xx_HAL_Driver/Src/stm32f4xx_hal_gpio.o
 .debug_aranges
                0x00000288       0x60 Drivers/STM32F4xx_HAL_Driver/Src/stm32f4xx_hal_pwr_ex.o
 .debug_aranges
                0x000002e8       0x80 Drivers/STM32F4xx_HAL_Driver/Src/stm32f4xx_hal_rcc.o
 .debug_aranges
                0x00000368      0x150 Drivers/STM32F4xx_HAL_Driver/Src/stm32f4xx_hal_spi.o
 .debug_aranges
                0x000004b8      0x250 Drivers/STM32F4xx_HAL_Driver/Src/stm32f4xx_hal_tim.o
 .debug_aranges
                0x00000708       0xf0 Drivers/STM32F4xx_HAL_Driver/Src/stm32f4xx_hal_tim_ex.o
 .debug_aranges
                0x000007f8      0x120 Drivers/STM32F4xx_HAL_Driver/Src/stm32f4xx_hal_uart.o
 .debug_aranges
                0x00000918       0x40 Src/gyroscope.o
 .debug_aranges
                0x00000958       0x48 Src/main.o
 .debug_aranges
                0x000009a0       0x50 Src/stm32f4xx_hal_msp.o
 .debug_aranges
                0x000009f0       0x40 Src/stm32f4xx_it.o

.debug_ranges   0x00000000      0xd30
 .debug_ranges  0x00000000       0x20 Drivers/CMSIS/Device/ST/STM32F4xx/Source/Templates/gcc/startup_stm32f429xx.o
 .debug_ranges  0x00000020       0x18 Drivers/CMSIS/Device/ST/STM32F4xx/Source/Templates/system_stm32f4xx.o
 .debug_ranges  0x00000038       0xb8 Drivers/STM32F4xx_HAL_Driver/Src/stm32f4xx_hal.o
 .debug_ranges  0x000000f0      0x148 Drivers/STM32F4xx_HAL_Driver/Src/stm32f4xx_hal_cortex.o
 .debug_ranges  0x00000238       0xa8 Drivers/STM32F4xx_HAL_Driver/Src/stm32f4xx_hal_dma.o
 .debug_ranges  0x000002e0       0x70 Drivers/STM32F4xx_HAL_Driver/Src/stm32f4xx_hal_gpio.o
 .debug_ranges  0x00000350       0x80 Drivers/STM32F4xx_HAL_Driver/Src/stm32f4xx_hal_pwr_ex.o
 .debug_ranges  0x000003d0      0x150 Drivers/STM32F4xx_HAL_Driver/Src/stm32f4xx_hal_rcc.o
 .debug_ranges  0x00000520      0x170 Drivers/STM32F4xx_HAL_Driver/Src/stm32f4xx_hal_spi.o
 .debug_ranges  0x00000690      0x330 Drivers/STM32F4xx_HAL_Driver/Src/stm32f4xx_hal_tim.o
 .debug_ranges  0x000009c0       0xe0 Drivers/STM32F4xx_HAL_Driver/Src/stm32f4xx_hal_tim_ex.o
 .debug_ranges  0x00000aa0      0x128 Drivers/STM32F4xx_HAL_Driver/Src/stm32f4xx_hal_uart.o
 .debug_ranges  0x00000bc8       0x30 Src/gyroscope.o
 .debug_ranges  0x00000bf8       0x90 Src/main.o
 .debug_ranges  0x00000c88       0x78 Src/stm32f4xx_hal_msp.o
 .debug_ranges  0x00000d00       0x30 Src/stm32f4xx_it.o

.debug_loc      0x00000000     0x7efa
 .debug_loc     0x00000000       0xd7 Drivers/CMSIS/Device/ST/STM32F4xx/Source/Templates/system_stm32f4xx.o
 .debug_loc     0x000000d7       0xbe Drivers/STM32F4xx_HAL_Driver/Src/stm32f4xx_hal.o
 .debug_loc     0x00000195      0x4ab Drivers/STM32F4xx_HAL_Driver/Src/stm32f4xx_hal_cortex.o
 .debug_loc     0x00000640      0x757 Drivers/STM32F4xx_HAL_Driver/Src/stm32f4xx_hal_dma.o
 .debug_loc     0x00000d97      0x374 Drivers/STM32F4xx_HAL_Driver/Src/stm32f4xx_hal_gpio.o
 .debug_loc     0x0000110b      0x261 Drivers/STM32F4xx_HAL_Driver/Src/stm32f4xx_hal_pwr_ex.o
 .debug_loc     0x0000136c      0x49b Drivers/STM32F4xx_HAL_Driver/Src/stm32f4xx_hal_rcc.o
 .debug_loc     0x00001807     0x1725 Drivers/STM32F4xx_HAL_Driver/Src/stm32f4xx_hal_spi.o
 .debug_loc     0x00002f2c     0x3146 Drivers/STM32F4xx_HAL_Driver/Src/stm32f4xx_hal_tim.o
 .debug_loc     0x00006072      0x7b9 Drivers/STM32F4xx_HAL_Driver/Src/stm32f4xx_hal_tim_ex.o
 .debug_loc     0x0000682b     0x1194 Drivers/STM32F4xx_HAL_Driver/Src/stm32f4xx_hal_uart.o
 .debug_loc     0x000079bf      0x446 Src/gyroscope.o
 .debug_loc     0x00007e05       0x5b Src/main.o
 .debug_loc     0x00007e60       0x9a Src/stm32f4xx_hal_msp.o

.debug_macro    0x00000000    0x16a2b
 .debug_macro   0x00000000      0x2ee Drivers/CMSIS/Device/ST/STM32F4xx/Source/Templates/system_stm32f4xx.o
 .debug_macro   0x000002ee      0x89e Drivers/CMSIS/Device/ST/STM32F4xx/Source/Templates/system_stm32f4xx.o
 .debug_macro   0x00000b8c       0x31 Drivers/CMSIS/Device/ST/STM32F4xx/Source/Templates/system_stm32f4xx.o
 .debug_macro   0x00000bbd       0x28 Drivers/CMSIS/Device/ST/STM32F4xx/Source/Templates/system_stm32f4xx.o
 .debug_macro   0x00000be5       0x22 Drivers/CMSIS/Device/ST/STM32F4xx/Source/Templates/system_stm32f4xx.o
 .debug_macro   0x00000c07       0x44 Drivers/CMSIS/Device/ST/STM32F4xx/Source/Templates/system_stm32f4xx.o
 .debug_macro   0x00000c4b       0xfd Drivers/CMSIS/Device/ST/STM32F4xx/Source/Templates/system_stm32f4xx.o
 .debug_macro   0x00000d48       0x22 Drivers/CMSIS/Device/ST/STM32F4xx/Source/Templates/system_stm32f4xx.o
 .debug_macro   0x00000d6a      0x1df Drivers/CMSIS/Device/ST/STM32F4xx/Source/Templates/system_stm32f4xx.o
 .debug_macro   0x00000f49       0x35 Drivers/CMSIS/Device/ST/STM32F4xx/Source/Templates/system_stm32f4xx.o
 .debug_macro   0x00000f7e       0x50 Drivers/CMSIS/Device/ST/STM32F4xx/Source/Templates/system_stm32f4xx.o
 .debug_macro   0x00000fce      0xe66 Drivers/CMSIS/Device/ST/STM32F4xx/Source/Templates/system_stm32f4xx.o
 .debug_macro   0x00001e34     0xa373 Drivers/CMSIS/Device/ST/STM32F4xx/Source/Templates/system_stm32f4xx.o
 .debug_macro   0x0000c1a7       0x43 Drivers/CMSIS/Device/ST/STM32F4xx/Source/Templates/system_stm32f4xx.o
 .debug_macro   0x0000c1ea      0x478 Drivers/CMSIS/Device/ST/STM32F4xx/Source/Templates/system_stm32f4xx.o
 .debug_macro   0x0000c662      0x1b6 Drivers/CMSIS/Device/ST/STM32F4xx/Source/Templates/system_stm32f4xx.o
 .debug_macro   0x0000c818     0x34ef Drivers/CMSIS/Device/ST/STM32F4xx/Source/Templates/system_stm32f4xx.o
 .debug_macro   0x0000fd07       0x58 Drivers/CMSIS/Device/ST/STM32F4xx/Source/Templates/system_stm32f4xx.o
 .debug_macro   0x0000fd5f       0x35 Drivers/CMSIS/Device/ST/STM32F4xx/Source/Templates/system_stm32f4xx.o
 .debug_macro   0x0000fd94       0x9c Drivers/CMSIS/Device/ST/STM32F4xx/Source/Templates/system_stm32f4xx.o
 .debug_macro   0x0000fe30       0x16 Drivers/CMSIS/Device/ST/STM32F4xx/Source/Templates/system_stm32f4xx.o
 .debug_macro   0x0000fe46       0x97 Drivers/CMSIS/Device/ST/STM32F4xx/Source/Templates/system_stm32f4xx.o
 .debug_macro   0x0000fedd      0x329 Drivers/CMSIS/Device/ST/STM32F4xx/Source/Templates/system_stm32f4xx.o
 .debug_macro   0x00010206       0xfd Drivers/CMSIS/Device/ST/STM32F4xx/Source/Templates/system_stm32f4xx.o
 .debug_macro   0x00010303       0x10 Drivers/CMSIS/Device/ST/STM32F4xx/Source/Templates/system_stm32f4xx.o
 .debug_macro   0x00010313       0x52 Drivers/CMSIS/Device/ST/STM32F4xx/Source/Templates/system_stm32f4xx.o
 .debug_macro   0x00010365       0x16 Drivers/CMSIS/Device/ST/STM32F4xx/Source/Templates/system_stm32f4xx.o
 .debug_macro   0x0001037b       0x43 Drivers/CMSIS/Device/ST/STM32F4xx/Source/Templates/system_stm32f4xx.o
 .debug_macro   0x000103be      0x187 Drivers/CMSIS/Device/ST/STM32F4xx/Source/Templates/system_stm32f4xx.o
 .debug_macro   0x00010545       0x10 Drivers/CMSIS/Device/ST/STM32F4xx/Source/Templates/system_stm32f4xx.o
 .debug_macro   0x00010555       0x22 Drivers/CMSIS/Device/ST/STM32F4xx/Source/Templates/system_stm32f4xx.o
 .debug_macro   0x00010577       0x3a Drivers/CMSIS/Device/ST/STM32F4xx/Source/Templates/system_stm32f4xx.o
 .debug_macro   0x000105b1       0x10 Drivers/CMSIS/Device/ST/STM32F4xx/Source/Templates/system_stm32f4xx.o
 .debug_macro   0x000105c1       0x40 Drivers/CMSIS/Device/ST/STM32F4xx/Source/Templates/system_stm32f4xx.o
 .debug_macro   0x00010601       0x65 Drivers/CMSIS/Device/ST/STM32F4xx/Source/Templates/system_stm32f4xx.o
 .debug_macro   0x00010666       0x16 Drivers/CMSIS/Device/ST/STM32F4xx/Source/Templates/system_stm32f4xx.o
 .debug_macro   0x0001067c      0x197 Drivers/CMSIS/Device/ST/STM32F4xx/Source/Templates/system_stm32f4xx.o
 .debug_macro   0x00010813       0x50 Drivers/CMSIS/Device/ST/STM32F4xx/Source/Templates/system_stm32f4xx.o
 .debug_macro   0x00010863      0xc9e Drivers/CMSIS/Device/ST/STM32F4xx/Source/Templates/system_stm32f4xx.o
 .debug_macro   0x00011501      0x9e1 Drivers/CMSIS/Device/ST/STM32F4xx/Source/Templates/system_stm32f4xx.o
 .debug_macro   0x00011ee2      0x11e Drivers/CMSIS/Device/ST/STM32F4xx/Source/Templates/system_stm32f4xx.o
 .debug_macro   0x00012000      0x161 Drivers/CMSIS/Device/ST/STM32F4xx/Source/Templates/system_stm32f4xx.o
 .debug_macro   0x00012161       0x27 Drivers/CMSIS/Device/ST/STM32F4xx/Source/Templates/system_stm32f4xx.o
 .debug_macro   0x00012188      0x287 Drivers/CMSIS/Device/ST/STM32F4xx/Source/Templates/system_stm32f4xx.o
 .debug_macro   0x0001240f       0x5f Drivers/CMSIS/Device/ST/STM32F4xx/Source/Templates/system_stm32f4xx.o
 .debug_macro   0x0001246e      0x23a Drivers/CMSIS/Device/ST/STM32F4xx/Source/Templates/system_stm32f4xx.o
 .debug_macro   0x000126a8      0x13a Drivers/CMSIS/Device/ST/STM32F4xx/Source/Templates/system_stm32f4xx.o
 .debug_macro   0x000127e2      0x41d Drivers/CMSIS/Device/ST/STM32F4xx/Source/Templates/system_stm32f4xx.o
 .debug_macro   0x00012bff       0x2e Drivers/CMSIS/Device/ST/STM32F4xx/Source/Templates/system_stm32f4xx.o
 .debug_macro   0x00012c2d      0x11e Drivers/CMSIS/Device/ST/STM32F4xx/Source/Templates/system_stm32f4xx.o
 .debug_macro   0x00012d4b       0xe2 Drivers/CMSIS/Device/ST/STM32F4xx/Source/Templates/system_stm32f4xx.o
 .debug_macro   0x00012e2d       0x89 Drivers/CMSIS/Device/ST/STM32F4xx/Source/Templates/system_stm32f4xx.o
 .debug_macro   0x00012eb6      0x202 Drivers/CMSIS/Device/ST/STM32F4xx/Source/Templates/system_stm32f4xx.o
 .debug_macro   0x000130b8      0x6d9 Drivers/CMSIS/Device/ST/STM32F4xx/Source/Templates/system_stm32f4xx.o
 .debug_macro   0x00013791       0x5b Drivers/CMSIS/Device/ST/STM32F4xx/Source/Templates/system_stm32f4xx.o
 .debug_macro   0x000137ec      0x14d Drivers/CMSIS/Device/ST/STM32F4xx/Source/Templates/system_stm32f4xx.o
 .debug_macro   0x00013939      0x287 Drivers/CMSIS/Device/ST/STM32F4xx/Source/Templates/system_stm32f4xx.o
 .debug_macro   0x00013bc0      0x12c Drivers/CMSIS/Device/ST/STM32F4xx/Source/Templates/system_stm32f4xx.o
 .debug_macro   0x00013cec      0x336 Drivers/STM32F4xx_HAL_Driver/Src/stm32f4xx_hal.o
 .debug_macro   0x00014022      0x2e8 Drivers/STM32F4xx_HAL_Driver/Src/stm32f4xx_hal_cortex.o
 .debug_macro   0x0001430a      0x2ef Drivers/STM32F4xx_HAL_Driver/Src/stm32f4xx_hal_dma.o
 .debug_macro   0x000145f9      0x320 Drivers/STM32F4xx_HAL_Driver/Src/stm32f4xx_hal_gpio.o
 .debug_macro   0x00014919      0x300 Drivers/STM32F4xx_HAL_Driver/Src/stm32f4xx_hal_pwr_ex.o
 .debug_macro   0x00014c19      0x312 Drivers/STM32F4xx_HAL_Driver/Src/stm32f4xx_hal_rcc.o
 .debug_macro   0x00014f2b      0x2f0 Drivers/STM32F4xx_HAL_Driver/Src/stm32f4xx_hal_spi.o
 .debug_macro   0x0001521b      0x2e9 Drivers/STM32F4xx_HAL_Driver/Src/stm32f4xx_hal_tim.o
 .debug_macro   0x00015504      0x2e8 Drivers/STM32F4xx_HAL_Driver/Src/stm32f4xx_hal_tim_ex.o
 .debug_macro   0x000157ec      0x2e9 Drivers/STM32F4xx_HAL_Driver/Src/stm32f4xx_hal_uart.o
 .debug_macro   0x00015ad5      0x32b Src/gyroscope.o
 .debug_macro   0x00015e00       0x16 Src/gyroscope.o
 .debug_macro   0x00015e16       0x35 Src/gyroscope.o
 .debug_macro   0x00015e4b       0x16 Src/gyroscope.o
 .debug_macro   0x00015e61       0x29 Src/gyroscope.o
 .debug_macro   0x00015e8a      0x1f9 Src/gyroscope.o
 .debug_macro   0x00016083      0x33a Src/main.o
 .debug_macro   0x000163bd       0x94 Src/main.o
 .debug_macro   0x00016451      0x2e8 Src/stm32f4xx_hal_msp.o
 .debug_macro   0x00016739      0x2f2 Src/stm32f4xx_it.o

.debug_str      0x00000000    0x7ac7b
 .debug_str     0x00000000    0x76628 Drivers/CMSIS/Device/ST/STM32F4xx/Source/Templates/system_stm32f4xx.o
                              0x768d3 (size before relaxing)
 .debug_str     0x00076628      0xa7e Drivers/STM32F4xx_HAL_Driver/Src/stm32f4xx_hal.o
                              0x77334 (size before relaxing)
 .debug_str     0x000770a6      0x32a Drivers/STM32F4xx_HAL_Driver/Src/stm32f4xx_hal_cortex.o
                              0x77151 (size before relaxing)
 .debug_str     0x000773d0      0x547 Drivers/STM32F4xx_HAL_Driver/Src/stm32f4xx_hal_dma.o
                              0x76cb4 (size before relaxing)
 .debug_str     0x00077917      0x2f2 Drivers/STM32F4xx_HAL_Driver/Src/stm32f4xx_hal_gpio.o
                              0x76b2a (size before relaxing)
 .debug_str     0x00077c09      0x14d Drivers/STM32F4xx_HAL_Driver/Src/stm32f4xx_hal_pwr_ex.o
                              0x76a9a (size before relaxing)
 .debug_str     0x00077d56      0x371 Drivers/STM32F4xx_HAL_Driver/Src/stm32f4xx_hal_rcc.o
                              0x76cb9 (size before relaxing)
 .debug_str     0x000780c7      0x57b Drivers/STM32F4xx_HAL_Driver/Src/stm32f4xx_hal_spi.o
                              0x76f59 (size before relaxing)
 .debug_str     0x00078642      0xbfa Drivers/STM32F4xx_HAL_Driver/Src/stm32f4xx_hal_tim.o
                              0x77625 (size before relaxing)
 .debug_str     0x0007923c      0x419 Drivers/STM32F4xx_HAL_Driver/Src/stm32f4xx_hal_tim_ex.o
                              0x77074 (size before relaxing)
 .debug_str     0x00079655      0x4a1 Drivers/STM32F4xx_HAL_Driver/Src/stm32f4xx_hal_uart.o
                              0x76f1d (size before relaxing)
 .debug_str     0x00079af6      0xd54 Src/gyroscope.o
                              0x778e1 (size before relaxing)
 .debug_str     0x0007a84a      0x314 Src/main.o
                              0x7881e (size before relaxing)
 .debug_str     0x0007ab5e       0xa3 Src/stm32f4xx_hal_msp.o
                              0x775df (size before relaxing)
 .debug_str     0x0007ac01       0x7a Src/stm32f4xx_it.o
                              0x76b84 (size before relaxing)

.comment        0x00000000       0x6e
 .comment       0x00000000       0x6e Drivers/CMSIS/Device/ST/STM32F4xx/Source/Templates/system_stm32f4xx.o
                                 0x6f (size before relaxing)
 .comment       0x0000006e       0x6f Drivers/STM32F4xx_HAL_Driver/Src/stm32f4xx_hal.o
 .comment       0x0000006e       0x6f Drivers/STM32F4xx_HAL_Driver/Src/stm32f4xx_hal_cortex.o
 .comment       0x0000006e       0x6f Drivers/STM32F4xx_HAL_Driver/Src/stm32f4xx_hal_dma.o
 .comment       0x0000006e       0x6f Drivers/STM32F4xx_HAL_Driver/Src/stm32f4xx_hal_gpio.o
 .comment       0x0000006e       0x6f Drivers/STM32F4xx_HAL_Driver/Src/stm32f4xx_hal_pwr_ex.o
 .comment       0x0000006e       0x6f Drivers/STM32F4xx_HAL_Driver/Src/stm32f4xx_hal_rcc.o
 .comment       0x0000006e       0x6f Drivers/STM32F4xx_HAL_Driver/Src/stm32f4xx_hal_spi.o
 .comment       0x0000006e       0x6f Drivers/STM32F4xx_HAL_Driver/Src/stm32f4xx_hal_tim.o
 .comment       0x0000006e       0x6f Drivers/STM32F4xx_HAL_Driver/Src/stm32f4xx_hal_tim_ex.o
 .comment       0x0000006e       0x6f Drivers/STM32F4xx_HAL_Driver/Src/stm32f4xx_hal_uart.o
 .comment       0x0000006e       0x6f Src/gyroscope.o
 .comment       0x0000006e       0x6f Src/main.o
 .comment       0x0000006e       0x6f Src/stm32f4xx_hal_msp.o
 .comment       0x0000006e       0x6f Src/stm32f4xx_it.o

.debug_frame    0x00000000     0x1db0
 .debug_frame   0x00000000       0x30 Drivers/CMSIS/Device/ST/STM32F4xx/Source/Templates/system_stm32f4xx.o
 .debug_frame   0x00000030      0x1a4 Drivers/STM32F4xx_HAL_Driver/Src/stm32f4xx_hal.o
 .debug_frame   0x000001d4      0x130 Drivers/STM32F4xx_HAL_Driver/Src/stm32f4xx_hal_cortex.o
 .debug_frame   0x00000304      0x150 Drivers/STM32F4xx_HAL_Driver/Src/stm32f4xx_hal_dma.o
 .debug_frame   0x00000454       0xd4 Drivers/STM32F4xx_HAL_Driver/Src/stm32f4xx_hal_gpio.o
 .debug_frame   0x00000528      0x100 Drivers/STM32F4xx_HAL_Driver/Src/stm32f4xx_hal_pwr_ex.o
 .debug_frame   0x00000628      0x138 Drivers/STM32F4xx_HAL_Driver/Src/stm32f4xx_hal_rcc.o
 .debug_frame   0x00000760      0x490 Drivers/STM32F4xx_HAL_Driver/Src/stm32f4xx_hal_spi.o
 .debug_frame   0x00000bf0      0x854 Drivers/STM32F4xx_HAL_Driver/Src/stm32f4xx_hal_tim.o
 .debug_frame   0x00001444      0x334 Drivers/STM32F4xx_HAL_Driver/Src/stm32f4xx_hal_tim_ex.o
 .debug_frame   0x00001778      0x374 Drivers/STM32F4xx_HAL_Driver/Src/stm32f4xx_hal_uart.o
 .debug_frame   0x00001aec       0xa0 Src/gyroscope.o
 .debug_frame   0x00001b8c       0xb8 Src/main.o
 .debug_frame   0x00001c44       0xc4 Src/stm32f4xx_hal_msp.o
 .debug_frame   0x00001d08       0x7c Src/stm32f4xx_it.o
 .debug_frame   0x00001d84       0x2c c:/ac6/systemworkbench/plugins/fr.ac6.mcu.externaltools.arm-none.win32_1.7.0.201602121829/tools/compiler/bin/../lib/gcc/arm-none-eabi/5.2.1/../../../../arm-none-eabi/lib/armv7e-m/fpu\libc_nano.a(lib_a-init.o)
